2026-06-09 10:52:11   Build version: 2025.4 Release from 2025-04-11 (change 1409410)

2026-06-09 10:52:11   Starting adaptive port meshing.

                      ------------------------------------------------------------------------------
2026-06-09 10:52:11   Mode calculation for port 1:

                      ------------------------------------------------------------------------------
2026-06-09 10:52:11   According to the selected features the <Time Domain Solver (HEX)> will be
                      started.

                      ------------------------------------------------------------------------------
2026-06-09 10:52:11   

                      ------------------------------------------------------------------------------
2026-06-09 10:52:11   

                      ------------------------------------------------------------------------------
2026-06-09 10:52:15   Using Generalized port mode solver.

                      ------------------------------------------------------------------------------
2026-06-09 10:52:16   Port mode solver: Detected dispersive material(s) at port 1. 
                      Using a constant approximation of dispersive material(s) at 2.75 GHz and neglecting loss terms.  More...

                      ------------------------------------------------------------------------------
2026-06-09 10:52:16     ------------------------------- F-Calc 2.75 --------------------------------
                        Port   Mode   Type        Z-Wave        Z-Wave-Sigma  Z-Line        F-Cutoff
                        1      1      QTEM        188           0             61.2          ---
                        ----------------------------------------------------------------------------

2026-06-09 10:52:17   Pass 1 successfully completed. 
2026-06-09 10:52:17   According to the selected features the <Time Domain Solver (HEX)> will be
                      started.

                      ------------------------------------------------------------------------------
2026-06-09 10:52:17   

                      ------------------------------------------------------------------------------
2026-06-09 10:52:17   

                      ------------------------------------------------------------------------------
2026-06-09 10:52:21     ------------------------------- F-Calc 2.75 --------------------------------
                        Port   Mode   Type        Z-Wave        Z-Wave-Sigma  Z-Line        F-Cutoff
                        1      1      QTEM        202           0             64.5          ---
                        ----------------------------------------------------------------------------

2026-06-09 10:52:22   Pass 2 successfully completed. Delta (Line Imp.): 5.15%
2026-06-09 10:52:22   According to the selected features the <Time Domain Solver (HEX)> will be
                      started.

                      ------------------------------------------------------------------------------
2026-06-09 10:52:22   

                      ------------------------------------------------------------------------------
2026-06-09 10:52:22   

                      ------------------------------------------------------------------------------
2026-06-09 10:52:27     ------------------------------- F-Calc 2.75 --------------------------------
                        Port   Mode   Type        Z-Wave        Z-Wave-Sigma  Z-Line        F-Cutoff
                        1      1      QTEM        187           0             64.3          ---
                        ----------------------------------------------------------------------------

2026-06-09 10:52:27   Pass 3 successfully completed. Delta (Line Imp.): 0.32%
2026-06-09 10:52:27   According to the selected features the <Time Domain Solver (HEX)> will be
                      started.

                      ------------------------------------------------------------------------------
2026-06-09 10:52:28   

                      ------------------------------------------------------------------------------
2026-06-09 10:52:28   

                      ------------------------------------------------------------------------------
2026-06-09 10:52:35     ------------------------------- F-Calc 2.75 --------------------------------
                        Port   Mode   Type        Z-Wave        Z-Wave-Sigma  Z-Line        F-Cutoff
                        1      1      QTEM        542           0             62.4          ---
                        ----------------------------------------------------------------------------

2026-06-09 10:52:36   Pass 4 successfully completed. Delta (Line Imp.): 3.09%
2026-06-09 10:52:36   Adaptive port meshing finished. 

                      ------------------------------------------------------------------------------
2026-06-09 10:52:36   The 3D field monitors do not generate a complete system for the power loss
                      curve (1D) computation. Some frequency points will be computed with only one
                      source of electric or magnetic losses.

                      ------------------------------------------------------------------------------
2026-06-09 10:52:36   According to the selected features the <Time Domain Solver (HEX)> will be
                      started.

                      ------------------------------------------------------------------------------
2026-06-09 10:52:37   
                      Solver started at: 2026-06-09 10:52:37 -0400

                        Module:  Time Domain: S-Parameter (Win 64)
                        Version: 2025.4 Release from 2025-04-11 (change 1409410)

2026-06-09 10:52:37   

                      ------------------------------------------------------------------------------
2026-06-09 10:52:37   

                      ------------------------------------------------------------------------------
2026-06-09 10:52:37   ======================================================================
                       Solver cycle: 1
                      ======================================================================

                      Stimulation at port 1 (mode 1) 



                      ------------------------------------------------------------------------------
2026-06-09 10:52:37   Units settings: 

                        Dimensions: mm
                        Frequency:  GHz
                        Time:       ns

                      ------------------------------------------------------------------------------
2026-06-09 10:52:37   The dispersive material update [Automatic] will be performed using the "Standard" update schema

                      ------------------------------------------------------------------------------
2026-06-09 10:52:48   Mesh statistics:

                         Hexahedral mesh type: Perfect Boundary Approximation (PBA)
                            Version: default

                         Parallelization type: domain decomposition
                            Number of parallel working threads: 2
                            Number of calculation domains used: 2

                         Used point accuracy enhancement value: 75.00%.
                         Acceleration mode: CPU
                         Used point accuracy enhancement value: 69.00%.
                         PBA fill limit: 99.00% (inverse)
2026-06-09 10:01:30      current system memory usage reached 60%
2026-06-09 10:06:59      current system memory usage reached 60%
                         Used point accuracy enhancement value: 65.00%.
                         Used point accuracy enhancement value: 66.00%.
                         Used point accuracy enhancement value: 67.00%.
                         Used point accuracy enhancement value: 74.00%.

2026-06-09 10:52:50   Using Generalized port mode solver.

                      ------------------------------------------------------------------------------
2026-06-09 10:52:50   Port mode solver: Detected dispersive material(s) at port 1. 
                      Using a constant approximation of dispersive material(s) at 2.75 GHz and neglecting loss terms.  More...

                      ------------------------------------------------------------------------------
2026-06-09 10:52:50   Boundary conditions: 

                        YZsymmetry: none
                        XZsymmetry: none
                        XYsymmetry: none

                        Xmin: expanded open, 4 Layer, depth 30.9583 mm
                        Xmax: expanded open, 4 Layer, depth 30.9583 mm

                        Ymin: expanded open, 4 Layer, depth 30.984 mm
                        Ymax: expanded open, 4 Layer, depth 30.984 mm

                        Zmin: expanded open, 4 Layer, depth 30.984 mm
                        Zmax: expanded open, 4 Layer, depth 28.6589 mm

                        PML-Type: Convolution PML

                      ------------------------------------------------------------------------------
2026-06-09 10:52:50   Frequency settings: 

                        Fmin:         2
                        Fmax:         3.5
                        Nfsteps(lin): 1001

                      ------------------------------------------------------------------------------
2026-06-09 10:52:51   Field update statistics:

                        Number of components in total: 	375939
                        Number of TST and special elements:	192
                        Number of lossy metal components:	5497
                        Number of disp. elements:		7165

                      Subcycling state:      			Automatically deactivated

                      ------------------------------------------------------------------------------
2026-06-09 10:52:51   Waveguide boundaries:

2026-06-09 10:52:51   Port: 1

2026-06-09 10:52:51     ------------------------------- F-Calc 2.75 --------------------------------
                        Port   Mode   Type        Z-Wave        Z-Wave-Sigma  Z-Line        F-Cutoff
                        1      1      QTEM        175           0             62.4          ---
                        ----------------------------------------------------------------------------

2026-06-09 10:52:51   Using standard absorber for unconsidered modes at port 1.

                      ------------------------------------------------------------------------------
2026-06-09 10:54:03   
                      --------------------------------------------------------------------------------
2026-06-09 10:54:03   Steady state energy criterion met, solver finished successfully.

                      ------------------------------------------------------------------------------
2026-06-09 10:54:03   Frequency domain results normalized to default signal.


                      ------------------------------------------------------------------------------
2026-06-09 10:54:03   
                        ----------------------------------------------------------------------------
                                            Peak memory used (kB)         Free physical memory (kB) 
                                                                          At begin     Minimum      
                        ----------------------------------------------------------------------------
                        CAD preparation     17864                         14630112     14630112     
                        Matrices calc.      100463                        14623046     14515625     
                        Solver run total    78612                         14644080     14459404     
                        ----------------------------------------------------------------------------

                      --------------------------------------------------------------------------------
                      Solver Statistics:

                        Hardware:
                           Computer name:                 	gurt 

                           Number of CPU threads:               6
                           Hardware info:                  	Hardware Accelerator Device not activated

                        Number of mesh cells:             	60060
                        Excitation duration:              	4.73939833e+000 ns 
                        Calculation time for excitation:  	0 	s
                        Number of calculated pulse widths:	4.57661 
                        Steady state accuracy limit:      	-80	dB 
                        Simulated number of time steps:   	19836 
                        Maximum number of time steps:     	216710 
                        Time step width:
                           without subcycles:             	1.093486360e-003 ns
                           used:                          	1.093486360e-003 ns

                        CAD preparation time:             	1      	s
                        Matrix calculation time:          	9 	s
                        Solver setup time:                	5 	s
                        Solver loop time:                 	66 	s
                        Solver post-processing time:      	2 	s
                                                          	------------
                        Total solver time:                	83 	s  ( = 0 h, 1 m, 23 s )

                      ------------------------------------------------------------------------------
2026-06-09 10:54:03   
                        Adaptive port meshing time:          	26     	s
                        Total solver time (all cycles):      	83     	s  ( = 0 h, 1 m, 23 s )
                        Solver initialization and clean-up:  	3      	s
                                                             	------------
                        Total simulation time:               	112    	s  ( = 0 h, 1 m, 52 s )

                      ------------------------------------------------------------------------------
2026-06-09 10:54:03   Solver finished at: 2026-06-09 10:54:03 -0400



                      ------------------------------------------------------------------------------
2026-06-09 10:54:07   Creating parametric 1D results for Run ID 1

                      ------------------------------------------------------------------------------
