2026-06-07 12:19:14   Build version: 2025.4 Release from 2025-04-11 (change 1409410)

2026-06-07 12:19:14   Starting adaptive port meshing.

                      ------------------------------------------------------------------------------
2026-06-07 12:19:14   Mode calculation for port 1:

                      ------------------------------------------------------------------------------
2026-06-07 12:19:14   According to the selected features the <Time Domain Solver (HEX)> will be
                      started.

                      ------------------------------------------------------------------------------
2026-06-07 12:19:15   

                      ------------------------------------------------------------------------------
2026-06-07 12:19:15   

                      ------------------------------------------------------------------------------
2026-06-07 12:19:17   Using Generalized port mode solver.

                      ------------------------------------------------------------------------------
2026-06-07 12:19:18   Port mode solver: Detected dispersive material(s) at port 1. 
                      Using a constant approximation of dispersive material(s) at 2.75 GHz and neglecting loss terms.  More...

                      ------------------------------------------------------------------------------
2026-06-07 12:19:18     ------------------------------- F-Calc 2.75 --------------------------------
                        Port   Mode   Type        Z-Wave        Z-Wave-Sigma  Z-Line        F-Cutoff
                        1      1      QTEM        198           0             53.8          ---
                        ----------------------------------------------------------------------------

2026-06-07 12:19:19   Pass 1 successfully completed. 
2026-06-07 12:19:19   According to the selected features the <Time Domain Solver (HEX)> will be
                      started.

                      ------------------------------------------------------------------------------
2026-06-07 12:19:20   

                      ------------------------------------------------------------------------------
2026-06-07 12:19:20   

                      ------------------------------------------------------------------------------
2026-06-07 12:19:24     ------------------------------- F-Calc 2.75 --------------------------------
                        Port   Mode   Type        Z-Wave        Z-Wave-Sigma  Z-Line        F-Cutoff
                        1      1      QTEM        237           0             52.9          ---
                        ----------------------------------------------------------------------------

2026-06-07 12:19:26   Pass 2 successfully completed. Delta (Line Imp.): 1.75%
2026-06-07 12:19:26   According to the selected features the <Time Domain Solver (HEX)> will be
                      started.

                      ------------------------------------------------------------------------------
2026-06-07 12:19:26   

                      ------------------------------------------------------------------------------
2026-06-07 12:19:26   

                      ------------------------------------------------------------------------------
2026-06-07 12:19:30     ------------------------------- F-Calc 2.75 --------------------------------
                        Port   Mode   Type        Z-Wave        Z-Wave-Sigma  Z-Line        F-Cutoff
                        1      1      QTEM        234           0             53            ---
                        ----------------------------------------------------------------------------

2026-06-07 12:19:32   Pass 3 successfully completed. Delta (Line Imp.): 0.17%
2026-06-07 12:19:32   According to the selected features the <Time Domain Solver (HEX)> will be
                      started.

                      ------------------------------------------------------------------------------
2026-06-07 12:19:32   

                      ------------------------------------------------------------------------------
2026-06-07 12:19:32   

                      ------------------------------------------------------------------------------
2026-06-07 12:19:41     ------------------------------- F-Calc 2.75 --------------------------------
                        Port   Mode   Type        Z-Wave        Z-Wave-Sigma  Z-Line        F-Cutoff
                        1      1      QTEM        195           0             52.4          ---
                        ----------------------------------------------------------------------------

2026-06-07 12:19:42   Pass 4 successfully completed. Delta (Line Imp.): 1.08%
2026-06-07 12:19:42   Adaptive port meshing finished. 

                      ------------------------------------------------------------------------------
2026-06-07 12:19:42   The 3D field monitors do not generate a complete system for the power loss
                      curve (1D) computation. Some frequency points will be computed with only one
                      source of electric or magnetic losses.

                      ------------------------------------------------------------------------------
2026-06-07 12:19:43   According to the selected features the <Time Domain Solver (HEX)> will be
                      started.

                      ------------------------------------------------------------------------------
2026-06-07 12:19:43   
                      Solver started at: 2026-06-07 12:19:43 -0400

                        Module:  Time Domain: S-Parameter (Win 64)
                        Version: 2025.4 Release from 2025-04-11 (change 1409410)

2026-06-07 12:19:43   

                      ------------------------------------------------------------------------------
2026-06-07 12:19:43   

                      ------------------------------------------------------------------------------
2026-06-07 12:19:43   ======================================================================
                       Solver cycle: 1
                      ======================================================================

                      Stimulation at port 1 (mode 1) 



                      ------------------------------------------------------------------------------
2026-06-07 12:19:43   Units settings: 

                        Dimensions: mm
                        Frequency:  GHz
                        Time:       ns

                      ------------------------------------------------------------------------------
2026-06-07 12:19:43   The dispersive material update [Automatic] will be performed using the "Standard" update schema

                      ------------------------------------------------------------------------------
2026-06-07 12:19:54   Mesh statistics:

                         Hexahedral mesh type: Perfect Boundary Approximation (PBA)
                            Version: default

                         Parallelization type: domain decomposition
                            Number of parallel working threads: 2
                            Number of calculation domains used: 2

                         Used point accuracy enhancement value: 75.00%.
                         Acceleration mode: CPU
                         Used point accuracy enhancement value: 73.00%.
                         PBA fill limit: 99.00% (inverse)
                         Used point accuracy enhancement value: 74.00%.

2026-06-07 12:19:55   Using Generalized port mode solver.

                      ------------------------------------------------------------------------------
2026-06-07 12:19:56   Port mode solver: Detected dispersive material(s) at port 1. 
                      Using a constant approximation of dispersive material(s) at 2.75 GHz and neglecting loss terms.  More...

                      ------------------------------------------------------------------------------
2026-06-07 12:19:56   Boundary conditions: 

                        YZsymmetry: none
                        XZsymmetry: none
                        XYsymmetry: none

                        Xmin: expanded open, 4 Layer, depth 27.9515 mm
                        Xmax: expanded open, 4 Layer, depth 27.9515 mm

                        Ymin: expanded open, 4 Layer, depth 27.9881 mm
                        Ymax: expanded open, 4 Layer, depth 27.9881 mm

                        Zmin: expanded open, 4 Layer, depth 27.9575 mm
                        Zmax: expanded open, 4 Layer, depth 28.5836 mm

                        PML-Type: Convolution PML

                      ------------------------------------------------------------------------------
2026-06-07 12:19:56   Frequency settings: 

                        Fmin:         2
                        Fmax:         3.5
                        Nfsteps(lin): 1001

                      ------------------------------------------------------------------------------
2026-06-07 12:19:56   Field update statistics:

                        Number of components in total: 	378711
                        Number of TST and special elements:	258
                        Number of lossy metal components:	5665
                        Number of disp. elements:		8775

                      Subcycling state:      			Automatically deactivated

                      ------------------------------------------------------------------------------
2026-06-07 12:19:56   Waveguide boundaries:

2026-06-07 12:19:56   Port: 1

2026-06-07 12:19:56     ------------------------------- F-Calc 2.75 --------------------------------
                        Port   Mode   Type        Z-Wave        Z-Wave-Sigma  Z-Line        F-Cutoff
                        1      1      QTEM        199           0.245         52.4          ---
                        ----------------------------------------------------------------------------

2026-06-07 12:19:57   Using standard absorber for unconsidered modes at port 1.

                      ------------------------------------------------------------------------------
2026-06-07 12:20:24   
                      --------------------------------------------------------------------------------
2026-06-07 12:20:24   Steady state energy criterion met, solver finished successfully.

                      ------------------------------------------------------------------------------
2026-06-07 12:20:24   Frequency domain results normalized to default signal.


                      ------------------------------------------------------------------------------
2026-06-07 12:20:24   
                        ----------------------------------------------------------------------------
                                            Peak memory used (kB)         Free physical memory (kB) 
                                                                          At begin     Minimum      
                        ----------------------------------------------------------------------------
                        CAD preparation     16808                         17859704     17859704     
                        Matrices calc.      98632                         17853515     17698242     
                        Solver run total    86084                         17886048     17771452     
                        ----------------------------------------------------------------------------

                      --------------------------------------------------------------------------------
                      Solver Statistics:

                        Hardware:
                           Computer name:                 	gurt 

                           Number of CPU threads:               6
                           Hardware info:                  	Hardware Accelerator Device not activated

                        Number of mesh cells:             	60480
                        Excitation duration:              	4.73939833e+000 ns 
                        Calculation time for excitation:  	0 	s
                        Number of calculated pulse widths:	1.85553 
                        Steady state accuracy limit:      	-40	dB 
                        Simulated number of time steps:   	10509 
                        Maximum number of time steps:     	113272 
                        Time step width:
                           without subcycles:             	8.368157096e-004 ns
                           used:                          	8.368157096e-004 ns

                        CAD preparation time:             	1      	s
                        Matrix calculation time:          	9 	s
                        Solver setup time:                	4 	s
                        Solver loop time:                 	24 	s
                        Solver post-processing time:      	1 	s
                                                          	------------
                        Total solver time:                	39 	s

                      ------------------------------------------------------------------------------
2026-06-07 12:20:24   
                        Adaptive port meshing time:          	29     	s
                        Total solver time (all cycles):      	39     	s
                        Solver initialization and clean-up:  	2      	s
                                                             	------------
                        Total simulation time:               	70     	s  ( = 0 h, 1 m, 10 s )

                      ------------------------------------------------------------------------------
2026-06-07 12:20:24   Solver finished at: 2026-06-07 12:20:24 -0400



                      ------------------------------------------------------------------------------
2026-06-07 12:28:38   The 3D field monitors do not generate a complete system for the power loss
                      curve (1D) computation. Some frequency points will be computed with only one
                      source of electric or magnetic losses.

                      ------------------------------------------------------------------------------
2026-06-07 12:28:38   Line impedance adaptation results found. Adaptive port meshing skipped.

                      ------------------------------------------------------------------------------
2026-06-07 12:28:38   The 3D field monitors do not generate a complete system for the power loss
                      curve (1D) computation. Some frequency points will be computed with only one
                      source of electric or magnetic losses.

                      ------------------------------------------------------------------------------
2026-06-07 12:28:38   According to the selected features the <Time Domain Solver (HEX)> will be
                      started.

                      ------------------------------------------------------------------------------
2026-06-07 12:28:38   
                      Solver started at: 2026-06-07 12:28:38 -0400

                        Module:  Time Domain: S-Parameter (Win 64)
                        Version: 2025.4 Release from 2025-04-11 (change 1409410)

2026-06-07 12:28:38   

                      ------------------------------------------------------------------------------
2026-06-07 12:28:38   

                      ------------------------------------------------------------------------------
2026-06-07 12:28:38   ======================================================================
                       Solver cycle: 1
                      ======================================================================

                      Stimulation at port 1 (mode 1) 



                      ------------------------------------------------------------------------------
2026-06-07 12:28:38   Units settings: 

                        Dimensions: mm
                        Frequency:  GHz
                        Time:       ns

                      ------------------------------------------------------------------------------
2026-06-07 12:28:38   The dispersive material update [Automatic] will be performed using the "Standard" update schema

                      ------------------------------------------------------------------------------
2026-06-07 12:28:40   Using Generalized port mode solver.

                      ------------------------------------------------------------------------------
2026-06-07 12:28:41   Port mode solver: Detected dispersive material(s) at port 1. 
                      Using a constant approximation of dispersive material(s) at 2.75 GHz and neglecting loss terms.  More...

                      ------------------------------------------------------------------------------
2026-06-07 12:28:41   Boundary conditions: 

                        YZsymmetry: none
                        XZsymmetry: none
                        XYsymmetry: none

                        Xmin: expanded open, 4 Layer, depth 27.9515 mm
                        Xmax: expanded open, 4 Layer, depth 27.9515 mm

                        Ymin: expanded open, 4 Layer, depth 27.9881 mm
                        Ymax: expanded open, 4 Layer, depth 27.9881 mm

                        Zmin: expanded open, 4 Layer, depth 27.9575 mm
                        Zmax: expanded open, 4 Layer, depth 28.5836 mm

                        PML-Type: Convolution PML

                      ------------------------------------------------------------------------------
2026-06-07 12:28:41   Frequency settings: 

                        Fmin:         2
                        Fmax:         3.5
                        Nfsteps(lin): 1001

                      ------------------------------------------------------------------------------
2026-06-07 12:28:41   Field update statistics:

                        Number of components in total: 	378711
                        Number of TST and special elements:	258
                        Number of lossy metal components:	5665
                        Number of disp. elements:		8775

                      Subcycling state:      			Automatically deactivated

                      ------------------------------------------------------------------------------
2026-06-07 12:28:41   Waveguide boundaries:

2026-06-07 12:28:41   Port: 1

2026-06-07 12:28:41   Reloaded mode(s) for port 1.

                      ------------------------------------------------------------------------------
2026-06-07 12:28:42   Using standard absorber for unconsidered modes at port 1.

                      ------------------------------------------------------------------------------
2026-06-07 12:29:08   
                      --------------------------------------------------------------------------------
2026-06-07 12:29:08   Steady state energy criterion met, solver finished successfully.

                      ------------------------------------------------------------------------------
2026-06-07 12:29:08   Frequency domain results normalized to default signal.


                      ------------------------------------------------------------------------------
2026-06-07 12:29:08   
                        ----------------------------------------------------------------------------
                                            Peak memory used (kB)         Free physical memory (kB) 
                                                                          At begin     Minimum      
                        ----------------------------------------------------------------------------
                        CAD preparation     16808                         17859704     17859704     
                        Matrices calc.      98632                         17853515     17698242     
                        Solver run total    75328                         17867092     17825316     
                        ----------------------------------------------------------------------------

                      --------------------------------------------------------------------------------
                      Solver Statistics:

                        Hardware:
                           Computer name:                 	gurt 

                           Number of CPU threads:               6
                           Hardware info:                  	Hardware Accelerator Device not activated

                        Number of mesh cells:             	60480
                        Excitation duration:              	4.73939833e+000 ns 
                        Calculation time for excitation:  	0 	s
                        Number of calculated pulse widths:	1.85553 
                        Steady state accuracy limit:      	-40	dB 
                        Simulated number of time steps:   	10509 
                        Maximum number of time steps:     	113272 
                        Time step width:
                           without subcycles:             	8.368157096e-004 ns
                           used:                          	8.368157096e-004 ns

                        Reloading matrices:               	0 	s
                        Solver setup time:                	4 	s
                        Solver loop time:                 	23 	s
                        Solver post-processing time:      	1 	s
                                                          	------------
                        Total solver time:                	28 	s

                      ------------------------------------------------------------------------------
2026-06-07 12:29:08   
                        Total solver time (all cycles):      	28     	s
                        Solver initialization and clean-up:  	2      	s
                                                             	------------
                        Total simulation time:               	30     	s

                      ------------------------------------------------------------------------------
2026-06-07 12:29:08   Solver finished at: 2026-06-07 12:29:08 -0400



                      ------------------------------------------------------------------------------
2026-06-07 12:29:09   *** Error ***

                      Template based post-processing result "h-field (f=2.87) (1)10000Mu0":
                      Error in calling "Evaluate0D" function ((&H8000ffff) (10094) ActiveX
                      Automation: Object var is 'Nothing'.
                      (Set TmpResult_17 =
                      A_cst_tmp.Copy())(Line:109)(file:C:\Users\jimmy\OneDrive\Documents\GitHub\Planar-Ring-Antenna-Design\v0.1\Design Files\antenna_design\Result\mix_tmp3D.bas)
                      (RunScript scriptFile)(Line:394))

                      ------------------------------------------------------------------------------
